// Jest Snapshot v1, https://goo.gl/fbAQLP

exports[`gatsby file compilation constructBundler should construct Parcel relative to passed directory 1`] = `
Object {
  "cacheDir": "<PROJECT_ROOT>/packages/gatsby/src/utils/parcel/__tests__/fixtures/js/.cache/.parcel-cache",
  "defaultConfig": "<PROJECT_ROOT>/packages/gatsby-parcel-config/lib/index.json",
  "entries": Array [
    "<PROJECT_ROOT>/packages/gatsby/src/utils/parcel/__tests__/fixtures/js/gatsby-+(node|config).ts",
    "<PROJECT_ROOT>/packages/gatsby/src/utils/parcel/__tests__/fixtures/js/plugins/**/gatsby-+(node|config).ts",
  ],
  "mode": "production",
  "targets": Object {
    "root": Object {
      "distDir": "<PROJECT_ROOT>/packages/gatsby/src/utils/parcel/__tests__/fixtures/js/.cache/compiled",
      "engines": Object {
        "node": ">= 14.15.0",
      },
      "includeNodeModules": false,
      "outputFormat": "commonjs",
      "sourceMap": false,
    },
  },
}
`;
