// Jest Snapshot v1, https://goo.gl/fbAQLP

exports[`getShopifyImage generates an imagedata object 1`] = `
Object {
  "backgroundColor": undefined,
  "height": 0.74951171875,
  "images": Object {
    "fallback": Object {
      "sizes": "100vw",
      "src": "https://cdn.shopify.com/s/files/1/0854/5382/products/front-hero_2048x1535_crop_center.jpg?v=1460125603",
      "srcSet": "https://cdn.shopify.com/s/files/1/0854/5382/products/front-hero_320x240_crop_center.jpg?v=1460125603 320w,
https://cdn.shopify.com/s/files/1/0854/5382/products/front-hero_654x490_crop_center.jpg?v=1460125603 654w,
https://cdn.shopify.com/s/files/1/0854/5382/products/front-hero_768x576_crop_center.jpg?v=1460125603 768w,
https://cdn.shopify.com/s/files/1/0854/5382/products/front-hero_1024x768_crop_center.jpg?v=1460125603 1024w,
https://cdn.shopify.com/s/files/1/0854/5382/products/front-hero_1366x1024_crop_center.jpg?v=1460125603 1366w,
https://cdn.shopify.com/s/files/1/0854/5382/products/front-hero_1600x1199_crop_center.jpg?v=1460125603 1600w,
https://cdn.shopify.com/s/files/1/0854/5382/products/front-hero_1920x1439_crop_center.jpg?v=1460125603 1920w,
https://cdn.shopify.com/s/files/1/0854/5382/products/front-hero_2048x1535_crop_center.jpg?v=1460125603 2048w",
    },
    "sources": Array [],
  },
  "layout": "fullWidth",
  "width": 1,
}
`;
